{
  "method": "textDocument/documentHighlight",
  "result": [
    {
      "range": {
        "start": {
          "line": 3,
          "character": 2
        },
        "end": {
          "line": 3,
          "character": 5
        }
      },
      "kind": 1
    },
    {
      "range": {
        "start": {
          "line": 7,
          "character": 19
        },
        "end": {
          "line": 7,
          "character": 22
        }
      },
      "kind": 1
    },
    {
      "range": {
        "start": {
          "line": 8,
          "character": 2
        },
        "end": {
          "line": 8,
          "character": 5
        }
      },
      "kind": 1
    },
    {
      "range": {
        "start": {
          "line": 9,
          "character": 2
        },
        "end": {
          "line": 9,
          "character": 5
        }
      },
      "kind": 1
    },
    {
      "range": {
        "start": {
          "line": 29,
          "character": 12
        },
        "end": {
          "line": 29,
          "character": 15
        }
      },
      "kind": 1
    },
    {
      "range": {
        "start": {
          "line": 34,
          "character": 9
        },
        "end": {
          "line": 34,
          "character": 12
        }
      },
      "kind": 1
    }
  ]
}
