{
  "method": "textDocument/documentHighlight",
  "result": [
    {
      "range": {
        "start": {
          "line": 4,
          "character": 2
        },
        "end": {
          "line": 4,
          "character": 5
        }
      },
      "kind": 1
    },
    {
      "range": {
        "start": {
          "line": 7,
          "character": 29
        },
        "end": {
          "line": 7,
          "character": 32
        }
      },
      "kind": 1
    },
    {
      "range": {
        "start": {
          "line": 10,
          "character": 2
        },
        "end": {
          "line": 10,
          "character": 5
        }
      },
      "kind": 1
    },
    {
      "range": {
        "start": {
          "line": 11,
          "character": 2
        },
        "end": {
          "line": 11,
          "character": 5
        }
      },
      "kind": 1
    },
    {
      "range": {
        "start": {
          "line": 29,
          "character": 22
        },
        "end": {
          "line": 29,
          "character": 25
        }
      },
      "kind": 1
    },
    {
      "range": {
        "start": {
          "line": 34,
          "character": 14
        },
        "end": {
          "line": 34,
          "character": 17
        }
      },
      "kind": 1
    }
  ]
}
